../Core/Src/main.c:197:5:main	24	static
../Core/Src/main.c:272:6:SystemClock_Config	88	static
../Core/Src/main.c:319:13:MX_LPUART1_UART_Init	8	static
../Core/Src/main.c:366:13:MX_TIM1_Init	120	static
../Core/Src/main.c:452:13:MX_TIM3_Init	56	static
../Core/Src/main.c:501:13:MX_TIM5_Init	40	static
../Core/Src/main.c:546:13:MX_GPIO_Init	48	static
../Core/Src/main.c:618:6:HAL_TIM_PeriodElapsedCallback	24	static
../Core/Src/main.c:625:10:micros	12	static
../Core/Src/main.c:630:6:QEIEncoderPosVel_Update	8	static
../Core/Src/main.c:694:7:SteadyStateKalmanFilter	64	static
../Core/Src/main.c:740:6:Kalman_Start	8	static
../Core/Src/main.c:791:6:Error_Handler	4	static,ignoring_inline_asm
